// Jest Snapshot v1, https://goo.gl/fbAQLP

exports[`renders Header with valid params on desktop devices 1`] = `undefined`;

exports[`renders Header with valid params on mobile devices 1`] = `undefined`;
